---
source: crates/mkit-cli/tests/help_snapshot.rs
expression: stdout
---
usage: mkit <command> [args]

commands:
  init              Create a new mkit repository
  add [-A|-u] <path>...  Stage files for the next commit
  add .             Stage all files under cwd (respects .mkitignore)
  add -A            Stage all changes incl. deletions (no path args)
  add -u            Restage only already-tracked files (no path args)
  rm [--cached] [-r] [-f] <path>...  Remove path(s) and stage the deletion
  rm --cached       Stage the removal only; keep the worktree file(s)
  restore [--staged] [--worktree] [--source <rev>] [-f] <path>...
                    Discard worktree changes for path(s) (restore from the
                    index), or --staged to unstage (restore the index entry
                    from HEAD); -f overrides the un-staged-edit guard
  reset [--soft|--mixed] [<commit>]
                    Move HEAD/branch (--soft) or HEAD + reset the index to
                    the commit's tree (--mixed, default); worktree untouched
  hash <file>       Hash a file and store it as a blob
  cat <hash>        Display an object by its hash
  tree              Snapshot working directory as a tree object
  commit [-a] [--amend] [-m <msg>] Create a signed commit (opens $EDITOR if -m omitted)
  commit --amend [-m <msg>]  Replace HEAD: re-commit on HEAD's parent, re-sign,
                    move the branch. Reuses HEAD's message if -m omitted.
                    The superseded commit becomes unreachable until `gc` ships.
  log [--oneline] [--abbrev-commit] [--abbrev[=N]] [--format=json] [--graph] [-n N]
                    Show commit history (default prints the full message
                    body + a UTC date; --oneline/--abbrev-commit abbreviate
                    the commit id, --abbrev[=N] sets the length (default 7);
                    --format=json emits JSONL with the raw timestamp;
                    --graph is accepted but currently a no-op)
  reflog [<ref>] [--format=json] [-n N]
                    Show a branch's recorded movement history (read-only).
                    Lists the branch's first-parent chain (newest first,
                    addressed <ref>@{N}); defaults to HEAD's branch. With
                    --features history-mmr, cross-checks each entry against
                    the journaled ref-history MMR. Not a full Git reflog:
                    @{N} indexes the reachable chain, so superseded commits
                    (after amend/reset) are not listed.
  status [--porcelain] [-s|--short]
                    Show staged and working tree changes
                    (--porcelain, or its -s/--short alias, emits
                    machine-readable XY lines on stdout;
                    no -z/NUL or path-quoting support yet)
  diff [--staged] [<rev> [<rev>] | <a>..<b>] [<path>...]
                    Show changes as a unified patch (HEAD vs workdir,
                    --staged for HEAD vs index, a single revision vs the
                    worktree, two revisions, or an A..B range; revisions
                    are refs, commits, or short hashes)
  branch [--format=json]
                    List branches (* marks current; JSONL with --format=json)
  branch <name>     Create a branch at HEAD
  branch -d <name>  Delete a branch (safe; refuses the current branch)
  branch -D <name>  Force-delete a branch (absent branch is a no-op)
  branch -m [<old>] <new>  Rename a branch (current branch if <old> omitted)
  checkout <branch> Switch HEAD to a branch and restore files
  tag [<name>] [<commit>]  List tags, or create a lightweight tag
  tag -a <name> [-m <msg>] [<commit>]  Create an annotated tag object
  tag -s <name> [-m <msg>] [<commit>]  Create a signed (Ed25519) tag object
  tag -d <name>     Delete a tag
  config [--format=json]  Show all configuration values (JSON with --format=json)
  config <key> [--format=json]  Show one value
  config <key> <value>  Set a configuration value
  config user.identity <value>  Set author Identity
                        (ed25519:<hex>, mid:<N>, or raw [kind][len][bytes] hex)
  config trusted_remote_endpoint <url>  Trust an HTTP/S3 remote for ambient env credentials
  config ssh.strict_host_key_checking <yes|no|accept-new>  Override SSH host policy
  config ssh.user_known_hosts_file <path>  Custom SSH known_hosts file
  config ssh.identity_file <path>  SSH private key file
  merge <branch>    Merge a branch into HEAD
  push [<remote>] [--all] [--force|--force-with-lease] [--dry-run]
                    Push current branch to its upstream (--all mirrors every branch)
  pull              Pull changes from remote
  fetch             Download from remote without merging
  stash             Stash working dir changes (save WIP)
  stash save -m <msg>  Stash with a message
  stash list        List stash entries
  stash pop [N]     Apply and remove stash entry N (default 0)
  stash apply [N]   Apply stash entry N without removing it (default 0)
  stash drop [N]    Remove stash entry N without applying
  stash clear       Remove all stash entries
  stash show [N]    Show diff of stash entry N
  clone [--depth N] [--sparse ...] <url>  Clone a repository
  remote [--format=json]  Show remote configuration (JSON with --format=json)
  remote add [<name>] <url>  Add a remote (mkit+file://, mkit+https://, mkit+s3://, mkit+ssh://)
  remote set [<name>] <url>  Alias for 'remote add'
  remote remove <name>  Remove a named remote (`default` clears the flat remote)
  remote rename <old> <new>  Rename a named remote
  key generate|list|import|export|delete  Manage user-scoped keystore keys
  keygen [--algorithm ed25519|secp256k1|p256] [--force] [--print-pubkey]
                    Generate a new signing key (defaults to Ed25519)
  cherry-pick <hash> Apply a commit to the current branch
  rebase <branch>    Replay commits onto a different base
  rebase --continue  Continue rebase after conflict resolution
  rebase --abort     Abort rebase and restore original state
  bisect start       Begin binary search for a bug
  bisect good [hash] Mark a commit as good
  bisect bad [hash]  Mark a commit as bad
  bisect reset       End bisect and restore original state
  sparse-checkout    Manage sparse checkout patterns
  serve <path>       Start SSH transport server (internal)
  pack-shard <hash>  Encode a stored pack into Reed-Solomon shards (feature: pack-shards)
  blame [--format=json] <file>
                    Show line-level commit attribution (JSONL with --format=json)
  verify <rev>      Verify the signature on a commit, remix, or signed tag
  attest [--commit <hash>] [--algorithm <alg>] [--signer <kind>] [--predicate-type <URI>] [--predicate-file <path>]
         [--additional-signer "algorithm=<alg>,signer=<kind>[,path=<p>]"]...
                    Produce a signed DSSE attestation for a commit
  verify-attest [--commit <hash>] [--trust-roots <path>] [--algorithm <filter>]
                    Verify every attestation attached to a commit
  version           Print version. Also available as the top-level
                    `--version` / `-V` flags; all emit `mkit <X.Y.Z>`.
