# Packages the release `mkit` build may compile: the union over
# release.yml's targets of `cargo tree -p mkit-cli -e normal,build`.
# Checked by scripts/check-release-artifact-features.sh; regenerate with
# `scripts/check-release-artifact-features.sh --update-golden` and review
# the diff: every new name is a new dependency of the shipped CLI.
adler2
aead
aes
anstyle
anyhow
arrayvec
async-broadcast
async-channel
async-executor
async-io
async-lock
async-process
async-recursion
async-signal
async-task
async-trait
atomic-waker
autocfg
aws-lc-rs
aws-lc-sys
bao
base16ct
base64
bitflags
blake3
block-buffer
block-padding
blocking
buffa
buffa-build
buffa-codegen
buffa-descriptor
byteorder
bytes
cbc
cc
cfg-if
chacha20
chacha20poly1305
cipher
clap
clap_builder
clap_derive
clap_lex
cmake
cmov
commonware-codec
commonware-codec-macros
commonware-macros
commonware-macros-impl
concurrent-queue
connectrpc
connectrpc-build
connectrpc-codegen
const-oid
constant_time_eq
core-foundation
core-foundation-sys
cpubits
cpufeatures
crc32fast
crossbeam-deque
crossbeam-epoch
crossbeam-utils
crypto-bigint
crypto-common
ctutils
curve25519-dalek
curve25519-dalek-derive
der
digest
displaydoc
dunce
ecdsa
ed25519
ed25519-dalek
either
elliptic-curve
endi
enumflags2
enumflags2_derive
equivalent
errno
event-listener
event-listener-strategy
fastrand
ff
filetime
find-msvc-tools
flate2
fnv
foldhash
form_urlencoded
fs_extra
futures
futures-channel
futures-core
futures-executor
futures-io
futures-lite
futures-macro
futures-sink
futures-task
futures-util
getrandom
group
h2
hashbrown
heck
hex
hkdf
hmac
http
http-body
http-body-util
httparse
hybrid-array
hyper
hyper-rustls
hyper-util
icu_collections
icu_locale_core
icu_normalizer
icu_normalizer_data
icu_properties
icu_properties_data
icu_provider
idna
idna_adapter
indexmap
inout
ipnet
itoa
jobserver
k256
keccak
keyring-core
libc
linux-raw-sys
litemap
log
md-5
memchr
miniz_oxide
mio
mkit-attest
mkit-cli
mkit-core
mkit-keystore
mkit-rpc
mkit-transport-connect
mkit-transport-file
mkit-transport-http
mkit-transport-s3
mkit-transport-ssh
num
num-bigint
num-complex
num-integer
num-iter
num-rational
num-traits
once_cell
openssl-probe
ordered-stream
p256
parking
paste
percent-encoding
pin-project
pin-project-internal
pin-project-lite
piper
pkcs8
pkg-config
polling
poly1305
potential_utf
prettyplease
primefield
primeorder
proc-macro-crate
proc-macro2
quote
rand_core
rayon
rayon-core
reqwest
rfc6979
ring
rustc-hash
rustc_version
rustix
rustls
rustls-native-certs
rustls-pki-types
rustls-platform-verifier
rustls-webpki
rustversion
sec1
secret-service
security-framework
security-framework-sys
semver
serde
serde_core
serde_derive
serde_json
serde_repr
serde_spanned
sha2
shlex
signal-hook
signal-hook-registry
signature
simd-adler32
simdutf8
slab
smallvec
smoothutf8
socket2
spki
stable_deref_trait
strobe-rs
subtle
syn
sync_wrapper
synstructure
tar
tempfile
thiserror
thiserror-impl
tinystr
tokio
tokio-macros
tokio-rustls
tokio-util
toml
toml_datetime
toml_edit
toml_parser
toml_writer
tower
tower-http
tower-layer
tower-service
tracing
tracing-attributes
tracing-core
try-lock
typenum
unicode-ident
universal-hash
untrusted
url
utf8_iter
uuid
want
webpki-roots
winnow
wnaf
writeable
xattr
yoke
yoke-derive
zbus
zbus-secret-service-keyring-store
zbus_macros
zbus_names
zcheapstr
zerofrom
zerofrom-derive
zeroize
zeroize_derive
zerotrie
zerovec
zerovec-derive
zlib-rs
zmij
zstd
zstd-safe
zstd-sys
zvariant
zvariant_derive
zvariant_utils
